// Jest Snapshot v1, https://goo.gl/fbAQLP

exports[`it renders correctly 1`] = `
<modal-mock>
  <aside
    className="root_open"
  >
    <div
      className="header"
    >
      <span
        className="headerText"
      >
        Edit Shipping Method
      </span>
      <button
        className="closeButton"
        onClick={[MockFunction]}
      >
        <span
          className="root"
        >
          <svg
            className="icon"
            fill="none"
            height="24"
            stroke="currentColor"
            strokeLinecap="round"
            strokeLinejoin="round"
            strokeWidth="2"
            viewBox="0 0 24 24"
            width="24"
            xmlns="http://www.w3.org/2000/svg"
          >
            <line
              x1="18"
              x2="6"
              y1="6"
              y2="18"
            />
            <line
              x1="6"
              x2="18"
              y1="6"
              y2="18"
            />
          </svg>
        </span>
      </button>
    </div>
    <div
      className="body"
    >
      <form
        className="root"
        onKeyDown={[Function]}
        onReset={[Function]}
        onSubmit={[Function]}
      >
        <div
          className="root"
        >
          <label
            className="root"
          >
            <input
              checked={true}
              className="input"
              onBlur={[Function]}
              onChange={[Function]}
              type="radio"
              value="flatrate|flatrate"
            />
            <span
              className="label"
            >
              <span>
                Flat Rate
              </span>
              <div
                className="price"
              >
                <div />
              </div>
            </span>
          </label>
        </div>
        <p
          className="root"
        />
        <div
          className="updateButtonContainer"
        >
          <button
            className="root_normalPriority"
            onClick={[MockFunction]}
            type="button"
          >
            <span
              className="content"
            >
              Cancel
            </span>
          </button>
          <button
            className="root_highPriority"
            disabled={false}
            type="submit"
          >
            <span
              className="content"
            >
              Update
            </span>
          </button>
        </div>
      </form>
    </div>
  </aside>
</modal-mock>
`;
