// Jest Snapshot v1, https://goo.gl/fbAQLP

exports[`it renders a loading indicator when appropriate 1`] = `
Array [
  "Meta",
  <CategoryContent
    categoryId={3}
    classes={Object {}}
    data={
      Object {
        "products": Object {
          "page_info": Object {
            "total_pages": 6,
          },
        },
      }
    }
    pageControl={
      Object {
        "currentPage": 1,
        "setPage": [MockFunction],
        "totalPages": 6,
      }
    }
    pageSize={12}
    sortProps={
      Array [
        Object {
          "sortAttribute": "relevance",
          "sortDirection": "DESC",
          "sortText": "Best Match",
        },
        [MockFunction],
      ]
    }
  />,
]
`;

exports[`it shows error when appropriate 1`] = `
<div>
  <mock-FormattedMessage
    defaultMessage="Data Fetch Error"
    id="category.dataFetchError"
  />
</div>
`;

exports[`renders the correct tree 1`] = `
Array [
  "Meta",
  <CategoryContent
    categoryId={3}
    classes={Object {}}
    data={
      Object {
        "products": Object {
          "page_info": Object {
            "total_pages": 6,
          },
        },
      }
    }
    pageControl={
      Object {
        "currentPage": 1,
        "setPage": [MockFunction],
        "totalPages": 6,
      }
    }
    pageSize={12}
    sortProps={
      Array [
        Object {
          "sortAttribute": "relevance",
          "sortDirection": "DESC",
          "sortText": "Best Match",
        },
        [MockFunction],
      ]
    }
  />,
]
`;
