// Jest Snapshot v1, https://goo.gl/fbAQLP

exports[`renders a Block component 1`] = `
<div
  className=""
  style={
    Object {
      "border": undefined,
      "borderColor": undefined,
      "borderRadius": undefined,
      "borderWidth": undefined,
      "marginBottom": undefined,
      "marginLeft": undefined,
      "marginRight": undefined,
      "marginTop": undefined,
      "paddingBottom": undefined,
      "paddingLeft": undefined,
      "paddingRight": undefined,
      "paddingTop": undefined,
      "textAlign": undefined,
    }
  }
>
  <div
    className="root"
    dangerouslySetInnerHTML={
      Object {
        "__html": "",
      }
    }
  />
</div>
`;

exports[`renders a Block component with HTML content 1`] = `
<div
  className=""
  style={
    Object {
      "border": undefined,
      "borderColor": undefined,
      "borderRadius": undefined,
      "borderWidth": undefined,
      "marginBottom": undefined,
      "marginLeft": undefined,
      "marginRight": undefined,
      "marginTop": undefined,
      "paddingBottom": undefined,
      "paddingLeft": undefined,
      "paddingRight": undefined,
      "paddingTop": undefined,
      "textAlign": undefined,
    }
  }
>
  <div
    className="root"
    dangerouslySetInnerHTML={
      Object {
        "__html": "<h1>Testing HTML content</h1>",
      }
    }
  />
</div>
`;

exports[`renders a Block component with all props configured and Page Builder rich content 1`] = `
<div
  className="test-class"
  style={
    Object {
      "border": "solid",
      "borderColor": "red",
      "borderRadius": "15px",
      "borderWidth": "10px",
      "marginBottom": "10px",
      "marginLeft": "10px",
      "marginRight": "10px",
      "marginTop": "10px",
      "paddingBottom": "10px",
      "paddingLeft": "10px",
      "paddingRight": "10px",
      "paddingTop": "10px",
      "textAlign": "right",
    }
  }
>
  <div
    className="root"
  >
    <div
      className="root contained"
      style={
        Object {
          "backgroundColor": null,
          "border": "solid",
          "borderColor": "rgb(255, 0, 0)",
          "borderRadius": "2px",
          "borderWidth": "5px",
          "display": "flex",
          "flexDirection": "column",
          "justifyContent": "flex-start",
          "marginBottom": "10px",
          "marginLeft": "0px",
          "marginRight": "0px",
          "marginTop": "0px",
          "minHeight": null,
          "paddingBottom": "10px",
          "paddingLeft": "10px",
          "paddingRight": "10px",
          "paddingTop": "10px",
          "textAlign": "",
        }
      }
    />
  </div>
</div>
`;
