// Jest Snapshot v1, https://goo.gl/fbAQLP

exports[`return correct shape while data is loading 1`] = `undefined`;

exports[`returns sorted data 1`] = `undefined`;
