// Jest Snapshot v1, https://goo.gl/fbAQLP

exports[`it renders gift options in venia cart page 1`] = `
<form
  onKeyDown={[Function]}
  onReset={[Function]}
  onSubmit={[Function]}
>
  <div>
    <label>
      <input
        checked={false}
        id="b05200e0-cc95-4290-ae6e-8632eae99fd3"
        name="includeGiftReceipt"
        onBlur={[Function]}
        onChange={[Function]}
        type="checkbox"
      />
      <span>
        <svg
          fill="none"
          height="24"
          stroke="currentColor"
          strokeLinecap="round"
          strokeLinejoin="round"
          strokeWidth="2"
          viewBox="0 0 24 24"
          width="24"
          xmlns="http://www.w3.org/2000/svg"
        >
          <rect
            height="18"
            rx="2"
            ry="2"
            width="18"
            x="3"
            y="3"
          />
        </svg>
      </span>
      <span>
        Include gift receipt
      </span>
    </label>
    <p />
  </div>
  <div>
    <label>
      <input
        checked={false}
        id="1927461c-65d9-475d-9624-0c4f3391ab5b"
        name="includePrintedCard"
        onBlur={[Function]}
        onChange={[Function]}
        type="checkbox"
      />
      <span>
        <svg
          fill="none"
          height="24"
          stroke="currentColor"
          strokeLinecap="round"
          strokeLinejoin="round"
          strokeWidth="2"
          viewBox="0 0 24 24"
          width="24"
          xmlns="http://www.w3.org/2000/svg"
        >
          <rect
            height="18"
            rx="2"
            ry="2"
            width="18"
            x="3"
            y="3"
          />
        </svg>
      </span>
      <span>
        Include printed card
      </span>
    </label>
    <p />
  </div>
  <div />
</form>
`;
