// Jest Snapshot v1, https://goo.gl/fbAQLP

exports[`renders a Image component 1`] = `
<figure
  className=""
  style={
    Object {
      "marginBottom": undefined,
      "marginLeft": undefined,
      "marginRight": undefined,
      "marginTop": undefined,
      "paddingBottom": undefined,
      "paddingLeft": undefined,
      "paddingRight": undefined,
      "paddingTop": undefined,
      "textAlign": undefined,
    }
  }
>
  <picture>
    
    <img
      loading="lazy"
      src="test-image.png"
      style={
        Object {
          "border": undefined,
          "borderColor": undefined,
          "borderRadius": undefined,
          "borderWidth": undefined,
        }
      }
    />
  </picture>
  
</figure>
`;

exports[`renders a Image component with all props configured 1`] = `
<figure
  className="test-class"
  style={
    Object {
      "marginBottom": "10px",
      "marginLeft": "10px",
      "marginRight": "10px",
      "marginTop": "10px",
      "paddingBottom": "10px",
      "paddingLeft": "10px",
      "paddingRight": "10px",
      "paddingTop": "10px",
      "textAlign": "right",
    }
  }
>
  <picture>
    <source
      media="(max-width: 768px)"
      srcSet="mobile-image.png"
    />
    <img
      alt="Alt Text"
      loading="lazy"
      src="desktop-image.png"
      style={
        Object {
          "border": "solid",
          "borderColor": "red",
          "borderRadius": "15px",
          "borderWidth": "10px",
        }
      }
      title="Title Text"
    />
  </picture>
  <figcaption>
    Example Caption
  </figcaption>
</figure>
`;
