// Jest Snapshot v1, https://goo.gl/fbAQLP

exports[`Should render proper shape 1`] = `
Object {
  "handleItemClick": [Function],
  "isDeleting": false,
  "removeItem": [Function],
}
`;
