// Jest Snapshot v1, https://goo.gl/fbAQLP

exports[`renders Option component correctly 1`] = `
<div
  className="root"
>
  <h3
    className="title"
  >
    <span>
      Color
    </span>
  </h3>
  <div
    className="root"
  >
    <button
      className="root"
      itemIndex={0}
      onBlur={[Function]}
      onClick={[Function]}
      onFocus={[Function]}
      style={
        Object {
          "--venia-swatch-bg": "123,123,123",
        }
      }
      title="red"
    />
    <button
      className="root"
      itemIndex={1}
      onBlur={[Function]}
      onClick={[Function]}
      onFocus={[Function]}
      style={
        Object {
          "--venia-swatch-bg": "123,123,123",
        }
      }
      title="blue"
    />
  </div>
</div>
`;
