// Jest Snapshot v1, https://goo.gl/fbAQLP

exports[`Should return correct shape 1`] = `
Object {
  "countries": Object {},
  "errors": Array [],
  "isBillingAddressSame": false,
  "isDropinLoading": true,
  "onPaymentError": [Function],
  "onPaymentReady": [Function],
  "onPaymentSuccess": [Function],
}
`;
