// Jest Snapshot v1, https://goo.gl/fbAQLP

exports[`Should return correct shape 1`] = `
Object {
  "doneEditing": true,
  "handlePaymentError": [Function],
  "handlePaymentSuccess": [Function],
  "handleReviewOrder": [Function],
  "hideEditModal": [Function],
  "isEditModalHidden": true,
  "paymentNonce": Object {},
  "selectedPaymentMethod": "creditCard",
  "shouldRequestPaymentNonce": false,
  "showEditModal": [Function],
}
`;
