// Jest Snapshot v1, https://goo.gl/fbAQLP

exports[`Snapshot test 1`] = `
Object {
  "billingAddress": Object {
    "city": "Goostin",
    "country": "United States of Gooseland",
    "firstName": "Goosey",
    "lastName": "Goose",
    "phoneNumber": "1234567890",
    "postalCode": "12345",
    "state": "Gooseyork",
    "street1": "12345 Gooseey Blvd",
    "street2": "Apt 123",
  },
  "isBillingAddressSame": false,
}
`;
