// Jest Snapshot v1, https://goo.gl/fbAQLP

exports[`Should return correct shape 1`] = `
<div
  className="root"
>
  <div
    className="payment_method"
  >
    <label
      className="root"
    >
      <input
        checked={false}
        className="input"
        onBlur={[Function]}
        onChange={[Function]}
        type="radio"
        value="creditCard"
      />
      <span
        className="label"
      >
        Credit Card
      </span>
    </label>
    <div>
      Credit Card Payment Method Component
    </div>
  </div>
</div>
`;
