// Jest Snapshot v1, https://goo.gl/fbAQLP

exports[`render wraps children with all peregrine context providers 1`] = `
<Connect(ErrorContextProvider)>
  <Connect(AppContextProvider)>
    <Connect(UserContextProvider)>
      <Connect(CatalogContextProvider)>
        <Connect(CartContextProvider)>
          <Connect(CheckoutContextProvider)>
            <i />
          </Connect(CheckoutContextProvider)>
        </Connect(CartContextProvider)>
      </Connect(CatalogContextProvider)>
    </Connect(UserContextProvider)>
  </Connect(AppContextProvider)>
</Connect(ErrorContextProvider)>
`;
