// Jest Snapshot v1, https://goo.gl/fbAQLP

exports[`renders price adjustments 1`] = `
<div
  className="root"
>
  <mock-Accordion
    canOpenMultiple={true}
  >
    <mock-Section
      id="coupon_code"
      title="Enter Coupon Code"
    >
      <CouponCode
        setIsCartUpdating={[MockFunction setIsPageUpdating]}
      />
    </mock-Section>
    <GiftCardSection
      setIsCartUpdating={[MockFunction setIsPageUpdating]}
    />
    <mock-Section
      id="gift_options"
      title="See Gift Options"
    >
      <GiftOptions />
    </mock-Section>
  </mock-Accordion>
</div>
`;
