// Jest Snapshot v1, https://goo.gl/fbAQLP

exports[`returns correct shape 1`] = `
Object {
  "editFavoritesListIsOpen": false,
  "formErrors": Array [
    false,
  ],
  "handleActionMenuClick": [Function],
  "handleContentToggle": [Function],
  "handleEditWishlist": [Function],
  "handleHideDialogs": [Function],
  "handleShowEditFavorites": [Function],
  "isEditInProgress": false,
  "isOpen": true,
  "listActionsIsOpen": false,
}
`;
