// Jest Snapshot v1, https://goo.gl/fbAQLP

exports[`disables all child radios when disable prop is truthy 1`] = `
<form
  onKeyDown={[Function]}
  onReset={[Function]}
  onSubmit={[Function]}
>
  <div>
    <label
      htmlFor="undefined--1"
    >
      <mock-Radio
        disabled={true}
        id="undefined--1"
        value="1"
      />
      <span>
        <svg
          fill="none"
          height="24"
          stroke="currentColor"
          strokeLinecap="round"
          strokeLinejoin="round"
          strokeWidth="2"
          viewBox="0 0 24 24"
          width="24"
          xmlns="http://www.w3.org/2000/svg"
        >
          <circle
            cx="12"
            cy="12"
            r="10"
          />
        </svg>
      </span>
      <span>
        one
      </span>
    </label>
    <label
      htmlFor="undefined--2"
    >
      <mock-Radio
        disabled={true}
        id="undefined--2"
        value="2"
      />
      <span>
        <svg
          fill="none"
          height="24"
          stroke="currentColor"
          strokeLinecap="round"
          strokeLinejoin="round"
          strokeWidth="2"
          viewBox="0 0 24 24"
          width="24"
          xmlns="http://www.w3.org/2000/svg"
        >
          <circle
            cx="12"
            cy="12"
            r="10"
          />
        </svg>
      </span>
      <span>
        holy moly two has a lot of content
      </span>
    </label>
    <label
      htmlFor="undefined--3"
    >
      <mock-Radio
        disabled={true}
        id="undefined--3"
        value="3"
      />
      <span>
        <svg
          fill="none"
          height="24"
          stroke="currentColor"
          strokeLinecap="round"
          strokeLinejoin="round"
          strokeWidth="2"
          viewBox="0 0 24 24"
          width="24"
          xmlns="http://www.w3.org/2000/svg"
        >
          <circle
            cx="12"
            cy="12"
            r="10"
          />
        </svg>
      </span>
      <span>
        three
      </span>
    </label>
    <label
      htmlFor="undefined--4"
    >
      <mock-Radio
        disabled={true}
        id="undefined--4"
        value="4"
      />
      <span>
        <svg
          fill="none"
          height="24"
          stroke="currentColor"
          strokeLinecap="round"
          strokeLinejoin="round"
          strokeWidth="2"
          viewBox="0 0 24 24"
          width="24"
          xmlns="http://www.w3.org/2000/svg"
        >
          <circle
            cx="12"
            cy="12"
            r="10"
          />
        </svg>
      </span>
      <span>
        four
      </span>
    </label>
    <label
      htmlFor="undefined--5"
    >
      <mock-Radio
        disabled={true}
        id="undefined--5"
        value="5"
      />
      <span>
        <svg
          fill="none"
          height="24"
          stroke="currentColor"
          strokeLinecap="round"
          strokeLinejoin="round"
          strokeWidth="2"
          viewBox="0 0 24 24"
          width="24"
          xmlns="http://www.w3.org/2000/svg"
        >
          <circle
            cx="12"
            cy="12"
            r="10"
          />
        </svg>
      </span>
      <span>
        five
      </span>
    </label>
    <label
      htmlFor="undefined--6"
    >
      <mock-Radio
        disabled={true}
        id="undefined--6"
        value="6"
      />
      <span>
        <svg
          fill="none"
          height="24"
          stroke="currentColor"
          strokeLinecap="round"
          strokeLinejoin="round"
          strokeWidth="2"
          viewBox="0 0 24 24"
          width="24"
          xmlns="http://www.w3.org/2000/svg"
        >
          <circle
            cx="12"
            cy="12"
            r="10"
          />
        </svg>
      </span>
      <span>
        six six six six six
      </span>
    </label>
    <label
      htmlFor="undefined--7"
    >
      <mock-Radio
        disabled={true}
        id="undefined--7"
        value="7"
      />
      <span>
        <svg
          fill="none"
          height="24"
          stroke="currentColor"
          strokeLinecap="round"
          strokeLinejoin="round"
          strokeWidth="2"
          viewBox="0 0 24 24"
          width="24"
          xmlns="http://www.w3.org/2000/svg"
        >
          <circle
            cx="12"
            cy="12"
            r="10"
          />
        </svg>
      </span>
      <span>
        this 7th one
      </span>
    </label>
    <label
      htmlFor="undefined--whatever"
    >
      <mock-Radio
        disabled={true}
        id="undefined--whatever"
        value="whatever"
      />
      <span>
        <svg
          fill="none"
          height="24"
          stroke="currentColor"
          strokeLinecap="round"
          strokeLinejoin="round"
          strokeWidth="2"
          viewBox="0 0 24 24"
          width="24"
          xmlns="http://www.w3.org/2000/svg"
        >
          <circle
            cx="12"
            cy="12"
            r="10"
          />
        </svg>
      </span>
      <span>
        disabled
      </span>
    </label>
  </div>
  <p />
</form>
`;

exports[`renders as expected 1`] = `
<form
  onKeyDown={[Function]}
  onReset={[Function]}
  onSubmit={[Function]}
>
  <div>
    <label
      htmlFor="undefined--1"
    >
      <mock-Radio
        id="undefined--1"
        value="1"
      />
      <span>
        <svg
          fill="none"
          height="24"
          stroke="currentColor"
          strokeLinecap="round"
          strokeLinejoin="round"
          strokeWidth="2"
          viewBox="0 0 24 24"
          width="24"
          xmlns="http://www.w3.org/2000/svg"
        >
          <circle
            cx="12"
            cy="12"
            r="10"
          />
        </svg>
      </span>
      <span>
        one
      </span>
    </label>
    <label
      htmlFor="undefined--2"
    >
      <mock-Radio
        id="undefined--2"
        value="2"
      />
      <span>
        <svg
          fill="none"
          height="24"
          stroke="currentColor"
          strokeLinecap="round"
          strokeLinejoin="round"
          strokeWidth="2"
          viewBox="0 0 24 24"
          width="24"
          xmlns="http://www.w3.org/2000/svg"
        >
          <circle
            cx="12"
            cy="12"
            r="10"
          />
        </svg>
      </span>
      <span>
        holy moly two has a lot of content
      </span>
    </label>
    <label
      htmlFor="undefined--3"
    >
      <mock-Radio
        id="undefined--3"
        value="3"
      />
      <span>
        <svg
          fill="none"
          height="24"
          stroke="currentColor"
          strokeLinecap="round"
          strokeLinejoin="round"
          strokeWidth="2"
          viewBox="0 0 24 24"
          width="24"
          xmlns="http://www.w3.org/2000/svg"
        >
          <circle
            cx="12"
            cy="12"
            r="10"
          />
        </svg>
      </span>
      <span>
        three
      </span>
    </label>
    <label
      htmlFor="undefined--4"
    >
      <mock-Radio
        id="undefined--4"
        value="4"
      />
      <span>
        <svg
          fill="none"
          height="24"
          stroke="currentColor"
          strokeLinecap="round"
          strokeLinejoin="round"
          strokeWidth="2"
          viewBox="0 0 24 24"
          width="24"
          xmlns="http://www.w3.org/2000/svg"
        >
          <circle
            cx="12"
            cy="12"
            r="10"
          />
        </svg>
      </span>
      <span>
        four
      </span>
    </label>
    <label
      htmlFor="undefined--5"
    >
      <mock-Radio
        id="undefined--5"
        value="5"
      />
      <span>
        <svg
          fill="none"
          height="24"
          stroke="currentColor"
          strokeLinecap="round"
          strokeLinejoin="round"
          strokeWidth="2"
          viewBox="0 0 24 24"
          width="24"
          xmlns="http://www.w3.org/2000/svg"
        >
          <circle
            cx="12"
            cy="12"
            r="10"
          />
        </svg>
      </span>
      <span>
        five
      </span>
    </label>
    <label
      htmlFor="undefined--6"
    >
      <mock-Radio
        id="undefined--6"
        value="6"
      />
      <span>
        <svg
          fill="none"
          height="24"
          stroke="currentColor"
          strokeLinecap="round"
          strokeLinejoin="round"
          strokeWidth="2"
          viewBox="0 0 24 24"
          width="24"
          xmlns="http://www.w3.org/2000/svg"
        >
          <circle
            cx="12"
            cy="12"
            r="10"
          />
        </svg>
      </span>
      <span>
        six six six six six
      </span>
    </label>
    <label
      htmlFor="undefined--7"
    >
      <mock-Radio
        id="undefined--7"
        value="7"
      />
      <span>
        <svg
          fill="none"
          height="24"
          stroke="currentColor"
          strokeLinecap="round"
          strokeLinejoin="round"
          strokeWidth="2"
          viewBox="0 0 24 24"
          width="24"
          xmlns="http://www.w3.org/2000/svg"
        >
          <circle
            cx="12"
            cy="12"
            r="10"
          />
        </svg>
      </span>
      <span>
        this 7th one
      </span>
    </label>
    <label
      htmlFor="undefined--whatever"
    >
      <mock-Radio
        disabled={true}
        id="undefined--whatever"
        value="whatever"
      />
      <span>
        <svg
          fill="none"
          height="24"
          stroke="currentColor"
          strokeLinecap="round"
          strokeLinejoin="round"
          strokeWidth="2"
          viewBox="0 0 24 24"
          width="24"
          xmlns="http://www.w3.org/2000/svg"
        >
          <circle
            cx="12"
            cy="12"
            r="10"
          />
        </svg>
      </span>
      <span>
        disabled
      </span>
    </label>
  </div>
  <p />
</form>
`;
